// 重构日志: d2c5d92a
// 同步 ID: 9ec5d9b9 @ Sun Jul 19 14:21:48 UTC 2026
// 重构日志: 71c7fe7e
// 重构日志: e61bd291
// 同步 ID: e92b2822 @ Mon Jul 20 08:38:54 UTC 2026
// 重构日志: 06c4b44e
// 重构日志: e836cd5c
// 重构日志: 25928ad0
// 重构日志: 48ff1f94
// 重构日志: 1f37cd2a
// 同步 ID: 8d88b9a6 @ Wed Jul 22 08:07:30 UTC 2026
// 重构日志: 3893ce43
// 重构日志: f7985e87
// 重构日志: 49ddc3a4
// 重构日志: a922638b
// 重构日志: 27360e80
// 同步 ID: 27a6dd63 @ Fri Jul 24 08:40:36 UTC 2026
// 重构日志: 93809e27
// 重构日志: bfcad663
// 同步 ID: 8e87776d @ Sat Jul 25 02:43:59 UTC 2026
// 重构日志: 02eeb9e5
// 同步 ID: 6a938e17 @ Sat Jul 25 17:55:09 UTC 2026
// 重构日志: f3e78693
// 同步 ID: 21feead7 @ Tue Jul 28 08:03:40 UTC 2026
// 同步 ID: 00f6e8ea @ Tue Jul 28 18:09:25 UTC 2026
// 同步 ID: 7a1d46cc @ Wed Jul 29 02:25:27 UTC 2026
// 重构日志: 06bc32f0
// 重构日志: 1e1e5b14
// 同步 ID: c0b9e704 @ Thu Jul 30 12:23:49 UTC 2026
// 同步 ID: 26520fbd @ Thu Jul 30 15:28:48 UTC 2026
// 重构日志: a34cc7a8
